To honour the JVM settings for this build a single-use Daemon process will be forked. For more on this, please refer to https://docs.gradle.org/8.6/userguide/gradle_daemon.html#sec:disabling_the_daemon in the Gradle documentation.
Daemon will be stopped at the end of the build 
> Task :gradle-plugin:settings-plugin:checkKotlinGradlePluginConfigurationErrors
> Task :gradle-plugin:settings-plugin:pluginDescriptors
> Task :gradle-plugin:settings-plugin:processResources
> Task :gradle-plugin:settings-plugin:compileKotlin
> Task :gradle-plugin:settings-plugin:compileJava NO-SOURCE
> Task :gradle-plugin:settings-plugin:classes
> Task :gradle-plugin:settings-plugin:jar
> Task :gradle-plugin:react-native-gradle-plugin:checkKotlinGradlePluginConfigurationErrors
> Task :gradle-plugin:react-native-gradle-plugin:pluginDescriptors
> Task :gradle-plugin:react-native-gradle-plugin:processResources
> Task :gradle-plugin:react-native-gradle-plugin:compileKotlin
> Task :gradle-plugin:react-native-gradle-plugin:compileJava NO-SOURCE
> Task :gradle-plugin:react-native-gradle-plugin:classes
> Task :gradle-plugin:react-native-gradle-plugin:jar

> Configure project :expo-modules-core
Checking the license for package NDK (Side by side) 26.1.10909125 in /usr/local/lib/android/sdk/licenses
License for package NDK (Side by side) 26.1.10909125 accepted.
Preparing "Install NDK (Side by side) 26.1.10909125 v.26.1.10909125".
"Install NDK (Side by side) 26.1.10909125 v.26.1.10909125" ready.
Installing NDK (Side by side) 26.1.10909125 in /usr/local/lib/android/sdk/ndk/26.1.10909125
"Install NDK (Side by side) 26.1.10909125 v.26.1.10909125" complete.
"Install NDK (Side by side) 26.1.10909125 v.26.1.10909125" finished.

> Configure project :expo

Using expo modules
  - [32mexpo-application[0m (5.9.1)
  - [32mexpo-asset[0m (10.0.10)
  - [32mexpo-constants[0m (16.0.2)
  - [32mexpo-device[0m (6.0.2)
  - [32mexpo-file-system[0m (17.0.1)
  - [32mexpo-font[0m (12.0.10)
  - [32mexpo-haptics[0m (12.0.1)
  - [32mexpo-image-loader[0m (4.7.0)
  - [32mexpo-image-picker[0m (15.0.7)
  - [32mexpo-keep-awake[0m (13.0.2)
  - [32mexpo-location[0m (17.0.1)
  - [32mexpo-modules-core[0m (1.12.26)
  - [32mexpo-notifications[0m (0.28.19)
  - [32mexpo-screen-orientation[0m (7.0.5)
  - [32mexpo-system-ui[0m (3.0.7)


> Configure project :react-native-reanimated
Android gradle plugin: 8.2.1
Gradle: 8.6

> Task :app:buildKotlinToolingMetadata
> Task :app:checkKotlinGradlePluginConfigurationErrors
> Task :app:generateCodegenSchemaFromJavaScript SKIPPED
> Task :app:generateCodegenArtifactsFromSchema SKIPPED
> Task :app:generatePackageList
> Task :app:preBuild
> Task :app:preReleaseBuild
> Task :app:generateReleaseBuildConfig
> Task :expo:generateExpoModulesPackageListTask
> Task :expo:preBuild
> Task :expo:preReleaseBuild
> Task :expo-application:preBuild UP-TO-DATE
> Task :expo-application:preReleaseBuild UP-TO-DATE
> Task :expo-asset:preBuild UP-TO-DATE
> Task :expo-asset:preReleaseBuild UP-TO-DATE
> Task :expo-application:writeReleaseAarMetadata
> Task :expo:writeReleaseAarMetadata
> Task :expo-asset:writeReleaseAarMetadata

> Task :expo-constants:createExpoConfig
The NODE_ENV environment variable is required but was not specified. Ensure the project is bundled with Expo CLI or NODE_ENV is set.
Proceeding without mode-specific .env

> Task :expo-constants:preBuild
> Task :expo-constants:preReleaseBuild
> Task :expo-device:preBuild UP-TO-DATE
> Task :expo-device:preReleaseBuild UP-TO-DATE
> Task :expo-constants:writeReleaseAarMetadata
> Task :expo-file-system:preBuild UP-TO-DATE
> Task :expo-file-system:preReleaseBuild UP-TO-DATE
> Task :expo-device:writeReleaseAarMetadata
> Task :expo-font:preBuild UP-TO-DATE
> Task :expo-file-system:writeReleaseAarMetadata
> Task :expo-font:preReleaseBuild UP-TO-DATE
> Task :expo-haptics:preBuild UP-TO-DATE
> Task :expo-haptics:preReleaseBuild UP-TO-DATE
> Task :expo-font:writeReleaseAarMetadata
> Task :expo-image-loader:preBuild UP-TO-DATE
> Task :expo-image-loader:preReleaseBuild UP-TO-DATE
> Task :expo-haptics:writeReleaseAarMetadata
> Task :expo-image-picker:preBuild UP-TO-DATE
> Task :expo-image-picker:preReleaseBuild UP-TO-DATE
> Task :expo-image-loader:writeReleaseAarMetadata
> Task :expo-keep-awake:preBuild UP-TO-DATE
> Task :expo-image-picker:writeReleaseAarMetadata
> Task :expo-keep-awake:preReleaseBuild UP-TO-DATE
> Task :expo-location:preBuild UP-TO-DATE
> Task :expo-keep-awake:writeReleaseAarMetadata
> Task :expo-location:preReleaseBuild UP-TO-DATE
> Task :expo-location:writeReleaseAarMetadata
> Task :expo-modules-core:preBuild UP-TO-DATE
> Task :expo-modules-core:preReleaseBuild UP-TO-DATE
> Task :expo-notifications:preBuild UP-TO-DATE
> Task :expo-modules-core:writeReleaseAarMetadata
> Task :expo-notifications:preReleaseBuild UP-TO-DATE
> Task :expo-screen-orientation:preBuild UP-TO-DATE
> Task :expo-screen-orientation:preReleaseBuild UP-TO-DATE
> Task :expo-notifications:writeReleaseAarMetadata
> Task :expo-system-ui:preBuild UP-TO-DATE
> Task :expo-system-ui:preReleaseBuild UP-TO-DATE
> Task :expo-screen-orientation:writeReleaseAarMetadata
> Task :react-native-async-storage_async-storage:preBuild UP-TO-DATE
> Task :react-native-async-storage_async-storage:preReleaseBuild UP-TO-DATE
> Task :expo-system-ui:writeReleaseAarMetadata
> Task :react-native-community_netinfo:preBuild UP-TO-DATE
> Task :react-native-community_netinfo:preReleaseBuild UP-TO-DATE
> Task :react-native-gesture-handler:preBuild UP-TO-DATE
> Task :react-native-async-storage_async-storage:writeReleaseAarMetadata
> Task :react-native-gesture-handler:preReleaseBuild UP-TO-DATE
> Task :react-native-community_netinfo:writeReleaseAarMetadata
> Task :react-native-reanimated:assertLatestReactNativeWithNewArchitectureTask SKIPPED
> Task :react-native-gesture-handler:writeReleaseAarMetadata
> Task :react-native-reanimated:assertMinimalReactNativeVersionTask SKIPPED
> Task :react-native-reanimated:prepareHeadersForPrefab
> Task :react-native-reanimated:preBuild
> Task :react-native-reanimated:preReleaseBuild
> Task :react-native-safe-area-context:preBuild UP-TO-DATE
> Task :react-native-reanimated:writeReleaseAarMetadata
> Task :react-native-safe-area-context:preReleaseBuild UP-TO-DATE
> Task :react-native-screens:preBuild UP-TO-DATE
> Task :react-native-safe-area-context:writeReleaseAarMetadata
> Task :react-native-screens:preReleaseBuild UP-TO-DATE
> Task :react-native-svg:preBuild UP-TO-DATE
> Task :react-native-svg:preReleaseBuild UP-TO-DATE
> Task :react-native-screens:writeReleaseAarMetadata
> Task :shopify_flash-list:preBuild UP-TO-DATE
> Task :react-native-svg:writeReleaseAarMetadata
> Task :shopify_flash-list:preReleaseBuild UP-TO-DATE
> Task :shopify_flash-list:writeReleaseAarMetadata

> Task :app:createBundleReleaseJsAndAssets
Starting Metro Bundler
warning: Bundler cache is empty, rebuilding (this may take a minute)
Android Bundled 15779ms node_modules/expo/AppEntry.js (1937 modules)
Writing bundle output to: /home/runner/work/HazardNet/HazardNet/apps/mobile/android/app/build/generated/assets/createBundleReleaseJsAndAssets/index.android.bundle
Writing sourcemap output to: /home/runner/work/HazardNet/HazardNet/apps/mobile/android/app/build/intermediates/sourcemaps/react/release/index.android.bundle.packager.map
Copying 10 asset files
Done writing bundle output
Done writing sourcemap output
/home/runner/work/HazardNet/HazardNet/apps/mobile/android/app/build/generated/assets/createBundleReleaseJsAndAssets/index.android.bundle:767:63: warning: Direct call to eval(), but lexical scope is not supported.
...typeof expo === "undefined" ? eval("require") : function (moduleId) {
                                 ^~~~~~~~~~~~~~~
/home/runner/work/HazardNet/HazardNet/apps/mobile/android/app/build/generated/assets/createBundleReleaseJsAndAssets/index.android.bundle:3366:16: warning: the variable "SharedArrayBuffer" was not declared in function "from"
    if (typeof SharedArrayBuffer !== 'undefined' && (isInstance(value, Shared...
               ^~~~~~~~~~~~~~~~~
/home/runner/work/HazardNet/HazardNet/apps/mobile/android/app/build/generated/assets/createBundleReleaseJsAndAssets/index.android.bundle:7358:18: warning: the variable "DebuggerInternal" was not declared in function "__shouldPauseOnThrow"
          typeof DebuggerInternal !== 'undefined' &&
                 ^~~~~~~~~~~~~~~~
/home/runner/work/HazardNet/HazardNet/apps/mobile/android/app/build/generated/assets/createBundleReleaseJsAndAssets/index.android.bundle:19647:7: warning: the variable "setTimeout" was not declared in function "logCapturedError"
      setTimeout(function () {
      ^~~~~~~~~~
/home/runner/work/HazardNet/HazardNet/apps/mobile/android/app/build/generated/assets/createBundleReleaseJsAndAssets/index.android.bundle:17757:31: warning: the variable "nativeFabricUIManager" was not declared in anonymous function " 378#"
  var _nativeFabricUIManage = nativeFabricUIManager,
                              ^~~~~~~~~~~~~~~~~~~~~
/home/runner/work/HazardNet/HazardNet/apps/mobile/android/app/build/generated/assets/createBundleReleaseJsAndAssets/index.android.bundle:17785:21: warning: the variable "clearTimeout" was not declared in anonymous function " 378#"
    cancelTimeout = clearTimeout;
                    ^~~~~~~~~~~~
/home/runner/work/HazardNet/HazardNet/apps/mobile/android/app/build/generated/assets/createBundleReleaseJsAndAssets/index.android.bundle:22415:30: warning: the variable "__REACT_DEVTOOLS_GLOBAL_HOOK__" was not declared in anonymous function " 378#"
  if ("undefined" !== typeof __REACT_DEVTOOLS_GLOBAL_HOOK__) {
                             ^~~~~~~~~~~~~~~~~~~~~~~~~~~~~~
/home/runner/work/HazardNet/HazardNet/apps/mobile/android/app/build/generated/assets/createBundleReleaseJsAndAssets/index.android.bundle:24023:5: warning: the variable "setImmediate" was not declared in function "handleResolved"
    setImmediate(function () {
    ^~~~~~~~~~~~
/home/runner/work/HazardNet/HazardNet/apps/mobile/android/app/build/generated/assets/createBundleReleaseJsAndAssets/index.android.bundle:28056:5: warning: the variable "fetch" was not declared in anonymous function " 593#"
    fetch,
    ^~~~~
/home/runner/work/HazardNet/HazardNet/apps/mobile/android/app/build/generated/assets/createBundleReleaseJsAndAssets/index.android.bundle:28057:5: warning: the variable "Headers" was not declared in anonymous function " 593#"
    Headers,
    ^~~~~~~
/home/runner/work/HazardNet/HazardNet/apps/mobile/android/app/build/generated/assets/createBundleReleaseJsAndAssets/index.android.bundle:28058:5: warning: the variable "Request" was not declared in anonymous function " 593#"
    Request,
    ^~~~~~~
/home/runner/work/HazardNet/HazardNet/apps/mobile/android/app/build/generated/assets/createBundleReleaseJsAndAssets/index.android.bundle:28059:5: warning: the variable "Response" was not declared in anonymous function " 593#"
    Response
    ^~~~~~~~
/home/runner/work/HazardNet/HazardNet/apps/mobile/android/app/build/generated/assets/createBundleReleaseJsAndAssets/index.android.bundle:28216:24: warning: the variable "FileReader" was not declared in function "readBlobAsArrayBuffer"
      var reader = new FileReader();
                       ^~~~~~~~~~
/home/runner/work/HazardNet/HazardNet/apps/mobile/android/app/build/generated/assets/createBundleReleaseJsAndAssets/index.android.bundle:28267:36: warning: the variable "Blob" was not declared in anonymous function " 604#"
        } else if (support.blob && Blob.prototype.isPrototypeOf(body)) {
                                   ^~~~
/home/runner/work/HazardNet/HazardNet/apps/mobile/android/app/build/generated/assets/createBundleReleaseJsAndAssets/index.android.bundle:28269:40: warning: the variable "FormData" was not declared in anonymous function " 604#"
        } else if (support.formData && FormData.prototype.isPrototypeOf(body)) {
                                       ^~~~~~~~
/home/runner/work/HazardNet/HazardNet/apps/mobile/android/app/build/generated/assets/createBundleReleaseJsAndAssets/index.android.bundle:28271:44: warning: the variable "URLSearchParams" was not declared in anonymous function " 604#"
...e if (support.searchParams && URLSearchParams.prototype.isPrototypeOf(body...
                                 ^~~~~~~~~~~~~~~
/home/runner/work/HazardNet/HazardNet/apps/mobile/android/app/build/generated/assets/createBundleReleaseJsAndAssets/index.android.bundle:28390:26: warning: the variable "AbortController" was not declared in anonymous function " 610#"
          var ctrl = new AbortController();
                         ^~~~~~~~~~~~~~~
/home/runner/work/HazardNet/HazardNet/apps/mobile/android/app/build/generated/assets/createBundleReleaseJsAndAssets/index.android.bundle:28524:23: warning: the variable "XMLHttpRequest" was not declared in anonymous function " 614#"
        var xhr = new XMLHttpRequest();
                      ^~~~~~~~~~~~~~
/home/runner/work/HazardNet/HazardNet/apps/mobile/android/app/build/generated/assets/createBundleReleaseJsAndAssets/index.android.bundle:28069:71: warning: the variable "self" was not declared in anonymous function " 596#"
...undefined' && globalThis || typeof self !== 'undefined' && self ||
                                      ^~~~
/home/runner/work/HazardNet/HazardNet/apps/mobile/android/app/build/generated/assets/createBundleReleaseJsAndAssets/index.android.bundle:32059:27: warning: the variable "performance" was not declared in anonymous function " 771#"
  if ("object" === typeof performance && "function" === typeof performance.no...
                          ^~~~~~~~~~~
/home/runner/work/HazardNet/HazardNet/apps/mobile/android/app/build/generated/assets/createBundleReleaseJsAndAssets/index.android.bundle:32082:26: warning: the variable "navigator" was not declared in anonymous function " 771#"
  "undefined" !== typeof navigator && undefined !== navigator.scheduling && u...
                         ^~~~~~~~~
/home/runner/work/HazardNet/HazardNet/apps/mobile/android/app/build/generated/assets/createBundleReleaseJsAndAssets/index.android.bundle:32192:37: warning: the variable "MessageChannel" was not declared in anonymous function " 771#"
  };else if ("undefined" !== typeof MessageChannel) {
                                    ^~~~~~~~~~~~~~
/home/runner/work/HazardNet/HazardNet/apps/mobile/android/app/build/generated/assets/createBundleReleaseJsAndAssets/index.android.bundle:32207:34: warning: the variable "nativeRuntimeScheduler" was not declared in anonymous function " 771#"
... = "undefined" !== typeof nativeRuntimeScheduler ? nativeRuntimeScheduler....
                             ^~~~~~~~~~~~~~~~~~~~~~
/home/runner/work/HazardNet/HazardNet/apps/mobile/android/app/build/generated/assets/createBundleReleaseJsAndAssets/index.android.bundle:43973:34: warning: the variable "requestAnimationFrame" was not declared in function "start 9#"
...    this._animationFrame = requestAnimationFrame(this.onUpdate.bind(this));
                              ^~~~~~~~~~~~~~~~~~~~~
/home/runner/work/HazardNet/HazardNet/apps/mobile/android/app/build/generated/assets/createBundleReleaseJsAndAssets/index.android.bundle:118382:100: warning: the variable "location" was not declared in function "registerSensor 1#"
...(0, _PlatformChecker.isWeb)() && location.protocol !== 'https:' ? ' Make s...
                                    ^~~~~~~~
/home/runner/work/HazardNet/HazardNet/apps/mobile/android/app/build/generated/assets/createBundleReleaseJsAndAssets/index.android.bundle:119033:26: warning: Direct call to eval(), but lexical scope is not supported.
            workletFun = eval('(' + initData.code + '\n)');
                         ^~~~~~~~~~~~~~~~~~~~~~~~~~~~~~~~~
/home/runner/work/HazardNet/HazardNet/apps/mobile/android/app/build/generated/assets/createBundleReleaseJsAndAssets/index.android.bundle:119056:112: warning: the variable "_toString" was not declared in function "valueUnpacker"
...recognized by value unpacker: "${_toString(objectToUnpack)}".`);
                                    ^~~~~~~~~
/home/runner/work/HazardNet/HazardNet/apps/mobile/android/app/build/generated/assets/createBundleReleaseJsAndAssets/index.android.bundle:119910:11: warning: the variable "queueMicrotask" was not declared in anonymous function " 3004#"
          queueMicrotask(function () {
          ^~~~~~~~~~~~~~
/home/runner/work/HazardNet/HazardNet/apps/mobile/android/app/build/generated/assets/createBundleReleaseJsAndAssets/index.android.bundle:120036:33: warning: the variable "_WORKLET" was not declared in function "runOnJS"
      if (SHOULD_BE_USE_WEB || !_WORKLET) {
                                ^~~~~~~~
/home/runner/work/HazardNet/HazardNet/apps/mobile/android/app/build/generated/assets/createBundleReleaseJsAndAssets/index.android.bundle:136816:26: warning: the variable "structuredClone" was not declared in function "createAnimationWithExistingTransform"
      newAnimationData = structuredClone(_config.AnimationsData[animationName]);
                         ^~~~~~~~~~~~~~~
/home/runner/work/HazardNet/HazardNet/apps/mobile/android/app/build/generated/assets/createBundleReleaseJsAndAssets/index.android.bundle:137014:5: warning: the variable "document" was not declared in function "configureWebLayoutAnimations"
    document.getElementById(PREDEFINED_WEB_ANIMATIONS_ID) !== null) {
    ^~~~~~~~
/home/runner/work/HazardNet/HazardNet/apps/mobile/android/app/build/generated/assets/createBundleReleaseJsAndAssets/index.android.bundle:137110:27: warning: the variable "HTMLElement" was not declared in function "findDescendantWithExitingAnimation"
    if (!(node instanceof HTMLElement)) {
                          ^~~~~~~~~~~
/home/runner/work/HazardNet/HazardNet/apps/mobile/android/app/build/generated/assets/createBundleReleaseJsAndAssets/index.android.bundle:137136:24: warning: the variable "MutationObserver" was not declared in function "addHTMLMutationObserver"
    var observer = new MutationObserver(function (mutationsList) {
                       ^~~~~~~~~~~~~~~~
/home/runner/work/HazardNet/HazardNet/apps/mobile/android/app/build/generated/assets/createBundleReleaseJsAndAssets/index.android.bundle:137185:41: warning: the variable "getComputedStyle" was not declared in function "fixElementPosition"
...entBorderTopValue = parseInt(getComputedStyle(parent).borderTopWidth);
                                ^~~~~~~~~~~~~~~~
/home/runner/work/HazardNet/HazardNet/apps/mobile/android/app/build/generated/assets/createBundleReleaseJsAndAssets/index.android.bundle:141536:5: warning: the variable "jest" was not declared in function "beforeTest"
    jest.useFakeTimers();
    ^~~~
/home/runner/work/HazardNet/HazardNet/apps/mobile/android/app/build/generated/assets/createBundleReleaseJsAndAssets/index.android.bundle:142071:26: warning: the variable "_getAnimationTimestamp" was not declared in function "computeEasingProgress"
      var elapsedTime = (_getAnimationTimestamp() - startingTimestamp) / 1000;
                         ^~~~~~~~~~~~~~~~~~~~~~
/home/runner/work/HazardNet/HazardNet/apps/mobile/android/app/build/generated/assets/createBundleReleaseJsAndAssets/index.android.bundle:163558:32: warning: the variable "atob" was not declared in function "isValidJWT"
      var decoded = JSON.parse(atob(base64));
                               ^~~~
/home/runner/work/HazardNet/HazardNet/apps/mobile/android/app/build/generated/assets/createBundleReleaseJsAndAssets/index.android.bundle:192400:9: warning: the variable "cancelAnimationFrame" was not declared in anonymous function " 6044#"
        cancelAnimationFrame(this.renderAheadUpdateCallbackId);
        ^~~~~~~~~~~~~~~~~~~~
/home/runner/work/HazardNet/HazardNet/apps/mobile/android/app/build/generated/assets/createBundleReleaseJsAndAssets/index.android.bundle:206665:25: warning: the variable "Atomics" was not declared in anonymous function " 6616#"
    '%Atomics%': typeof Atomics === 'undefined' ? undefined : Atomics,
                        ^~~~~~~
/home/runner/work/HazardNet/HazardNet/apps/mobile/android/app/build/generated/assets/createBundleReleaseJsAndAssets/index.android.bundle:206680:30: warning: the variable "Float16Array" was not declared in anonymous function " 6616#"
    '%Float16Array%': typeof Float16Array === 'undefined' ? undefined : Float...
                             ^~~~~~~~~~~~
/home/runner/work/HazardNet/HazardNet/apps/mobile/android/app/build/generated/assets/createBundleReleaseJsAndAssets/index.android.bundle:206683:38: warning: the variable "FinalizationRegistry" was not declared in anonymous function " 6616#"
...lizationRegistry%': typeof FinalizationRegistry === 'undefined' ? undefine...
                              ^~~~~~~~~~~~~~~~~~~~
/home/runner/work/HazardNet/HazardNet/apps/mobile/android/app/build/generated/assets/createBundleReleaseJsAndAssets/index.android.bundle:206723:25: warning: the variable "WeakRef" was not declared in anonymous function " 6616#"
    '%WeakRef%': typeof WeakRef === 'undefined' ? undefined : WeakRef,
                        ^~~~~~~

> Task :app:checkReleaseAarMetadata
> Task :app:generateReleaseResValues
> Task :expo:generateReleaseResValues
> Task :expo:generateReleaseResources
> Task :expo:packageReleaseResources
> Task :expo-application:generateReleaseResValues
> Task :expo-application:generateReleaseResources
> Task :expo-application:packageReleaseResources
> Task :expo-asset:generateReleaseResValues
> Task :expo-asset:generateReleaseResources
> Task :expo-asset:packageReleaseResources
> Task :expo-constants:generateReleaseResValues
> Task :expo-constants:generateReleaseResources
> Task :expo-constants:packageReleaseResources
> Task :expo-device:generateReleaseResValues
> Task :expo-device:generateReleaseResources
> Task :expo-device:packageReleaseResources
> Task :expo-file-system:generateReleaseResValues
> Task :expo-file-system:generateReleaseResources
> Task :expo-file-system:packageReleaseResources
> Task :expo-font:generateReleaseResValues
> Task :expo-font:generateReleaseResources
> Task :expo-font:packageReleaseResources
> Task :expo-haptics:generateReleaseResValues
> Task :expo-haptics:generateReleaseResources
> Task :expo-haptics:packageReleaseResources
> Task :expo-image-loader:generateReleaseResValues
> Task :expo-image-loader:generateReleaseResources
> Task :expo-image-loader:packageReleaseResources
> Task :expo-image-picker:generateReleaseResValues
> Task :expo-image-picker:generateReleaseResources
> Task :expo-image-picker:packageReleaseResources
> Task :expo-keep-awake:generateReleaseResValues
> Task :expo-keep-awake:generateReleaseResources
> Task :expo-keep-awake:packageReleaseResources
> Task :expo-location:generateReleaseResValues
> Task :expo-location:generateReleaseResources
> Task :expo-location:packageReleaseResources
> Task :expo-modules-core:generateReleaseResValues
> Task :expo-modules-core:generateReleaseResources
> Task :expo-modules-core:packageReleaseResources
> Task :expo-notifications:generateReleaseResValues
> Task :expo-notifications:generateReleaseResources
> Task :expo-notifications:packageReleaseResources
> Task :expo-screen-orientation:generateReleaseResValues
> Task :expo-screen-orientation:generateReleaseResources
> Task :expo-screen-orientation:packageReleaseResources
> Task :expo-system-ui:generateReleaseResValues
> Task :expo-system-ui:generateReleaseResources
> Task :expo-system-ui:packageReleaseResources
> Task :react-native-async-storage_async-storage:generateReleaseResValues
> Task :react-native-async-storage_async-storage:generateReleaseResources
> Task :react-native-async-storage_async-storage:packageReleaseResources
> Task :react-native-community_netinfo:generateReleaseResValues
> Task :react-native-community_netinfo:generateReleaseResources
> Task :react-native-community_netinfo:packageReleaseResources
> Task :react-native-gesture-handler:generateReleaseResValues
> Task :react-native-gesture-handler:generateReleaseResources
> Task :react-native-gesture-handler:packageReleaseResources
> Task :react-native-reanimated:generateReleaseResValues
> Task :react-native-reanimated:generateReleaseResources
> Task :react-native-reanimated:packageReleaseResources
> Task :react-native-safe-area-context:generateReleaseResValues
> Task :react-native-safe-area-context:generateReleaseResources
> Task :react-native-safe-area-context:packageReleaseResources
> Task :react-native-screens:generateReleaseResValues
> Task :react-native-screens:generateReleaseResources
> Task :react-native-screens:packageReleaseResources
> Task :react-native-svg:generateReleaseResValues
> Task :react-native-svg:generateReleaseResources
> Task :react-native-svg:packageReleaseResources
> Task :shopify_flash-list:generateReleaseResValues
> Task :shopify_flash-list:generateReleaseResources
> Task :shopify_flash-list:packageReleaseResources
> Task :app:mapReleaseSourceSetPaths
> Task :app:generateReleaseResources
> Task :app:packageReleaseResources
> Task :app:createReleaseCompatibleScreenManifests
> Task :app:extractDeepLinksRelease
> Task :expo:extractDeepLinksRelease
> Task :expo-application:extractDeepLinksRelease
> Task :app:parseReleaseLocalResources
> Task :expo-asset:extractDeepLinksRelease
> Task :app:mergeReleaseResources
> Task :expo:processReleaseManifest
> Task :expo-application:processReleaseManifest
> Task :expo-constants:extractDeepLinksRelease
> Task :expo-asset:processReleaseManifest
> Task :expo-constants:processReleaseManifest
> Task :expo-device:extractDeepLinksRelease
> Task :expo-file-system:extractDeepLinksRelease
> Task :expo-device:processReleaseManifest
> Task :expo-font:extractDeepLinksRelease
> Task :expo-haptics:extractDeepLinksRelease
> Task :expo-font:processReleaseManifest

> Task :expo-file-system:processReleaseManifest
/home/runner/work/HazardNet/HazardNet/node_modules/expo-file-system/android/src/main/AndroidManifest.xml:6:9-8:20 Warning:
	provider#expo.modules.filesystem.FileSystemFileProvider@android:authorities was tagged at AndroidManifest.xml:6 to replace other declarations but no other declaration present

> Task :expo-image-loader:extractDeepLinksRelease

> Task :expo-haptics:processReleaseManifest
package="expo.modules.haptics" found in source AndroidManifest.xml: /home/runner/work/HazardNet/HazardNet/node_modules/expo-haptics/android/src/main/AndroidManifest.xml.
Setting the namespace via the package attribute in the source AndroidManifest.xml is no longer supported, and the value is ignored.
Recommendation: remove package="expo.modules.haptics" from the source AndroidManifest.xml: /home/runner/work/HazardNet/HazardNet/node_modules/expo-haptics/android/src/main/AndroidManifest.xml.

> Task :expo-image-picker:extractDeepLinksRelease
> Task :expo-image-loader:processReleaseManifest
> Task :expo-keep-awake:extractDeepLinksRelease
> Task :expo-location:extractDeepLinksRelease
> Task :expo-keep-awake:processReleaseManifest
> Task :expo-modules-core:extractDeepLinksRelease
> Task :expo-location:processReleaseManifest
> Task :expo-image-picker:processReleaseManifest

> Task :expo-modules-core:processReleaseManifest
/home/runner/work/HazardNet/HazardNet/apps/mobile/node_modules/expo-modules-core/android/src/main/AndroidManifest.xml:8:9-11:45 Warning:
	meta-data#com.facebook.soloader.enabled@android:value was tagged at AndroidManifest.xml:8 to replace other declarations but no other declaration present

> Task :expo-notifications:extractDeepLinksRelease
> Task :expo-notifications:processReleaseManifest
> Task :expo-screen-orientation:extractDeepLinksRelease
> Task :expo-system-ui:extractDeepLinksRelease
> Task :expo-screen-orientation:processReleaseManifest
> Task :expo-system-ui:processReleaseManifest
> Task :react-native-async-storage_async-storage:extractDeepLinksRelease
> Task :react-native-community_netinfo:extractDeepLinksRelease

> Task :react-native-async-storage_async-storage:processReleaseManifest
package="com.reactnativecommunity.asyncstorage" found in source AndroidManifest.xml: /home/runner/work/HazardNet/HazardNet/node_modules/@react-native-async-storage/async-storage/android/src/main/AndroidManifest.xml.
Setting the namespace via the package attribute in the source AndroidManifest.xml is no longer supported, and the value is ignored.
Recommendation: remove package="com.reactnativecommunity.asyncstorage" from the source AndroidManifest.xml: /home/runner/work/HazardNet/HazardNet/node_modules/@react-native-async-storage/async-storage/android/src/main/AndroidManifest.xml.

> Task :react-native-community_netinfo:processReleaseManifest
package="com.reactnativecommunity.netinfo" found in source AndroidManifest.xml: /home/runner/work/HazardNet/HazardNet/node_modules/@react-native-community/netinfo/android/src/main/AndroidManifest.xml.
Setting the namespace via the package attribute in the source AndroidManifest.xml is no longer supported, and the value is ignored.
Recommendation: remove package="com.reactnativecommunity.netinfo" from the source AndroidManifest.xml: /home/runner/work/HazardNet/HazardNet/node_modules/@react-native-community/netinfo/android/src/main/AndroidManifest.xml.

> Task :react-native-gesture-handler:extractDeepLinksRelease

> Task :react-native-gesture-handler:processReleaseManifest
package="com.swmansion.gesturehandler" found in source AndroidManifest.xml: /home/runner/work/HazardNet/HazardNet/node_modules/react-native-gesture-handler/android/src/main/AndroidManifest.xml.
Setting the namespace via the package attribute in the source AndroidManifest.xml is no longer supported, and the value is ignored.
Recommendation: remove package="com.swmansion.gesturehandler" from the source AndroidManifest.xml: /home/runner/work/HazardNet/HazardNet/node_modules/react-native-gesture-handler/android/src/main/AndroidManifest.xml.

> Task :react-native-reanimated:extractDeepLinksRelease

> Task :react-native-reanimated:processReleaseManifest
package="com.swmansion.reanimated" found in source AndroidManifest.xml: /home/runner/work/HazardNet/HazardNet/node_modules/react-native-reanimated/android/src/main/AndroidManifest.xml.
Setting the namespace via the package attribute in the source AndroidManifest.xml is no longer supported, and the value is ignored.
Recommendation: remove package="com.swmansion.reanimated" from the source AndroidManifest.xml: /home/runner/work/HazardNet/HazardNet/node_modules/react-native-reanimated/android/src/main/AndroidManifest.xml.

> Task :react-native-safe-area-context:extractDeepLinksRelease

> Task :react-native-safe-area-context:processReleaseManifest
package="com.th3rdwave.safeareacontext" found in source AndroidManifest.xml: /home/runner/work/HazardNet/HazardNet/node_modules/react-native-safe-area-context/android/src/main/AndroidManifest.xml.
Setting the namespace via the package attribute in the source AndroidManifest.xml is no longer supported, and the value is ignored.
Recommendation: remove package="com.th3rdwave.safeareacontext" from the source AndroidManifest.xml: /home/runner/work/HazardNet/HazardNet/node_modules/react-native-safe-area-context/android/src/main/AndroidManifest.xml.

> Task :react-native-screens:extractDeepLinksRelease
> Task :react-native-svg:extractDeepLinksRelease
> Task :shopify_flash-list:extractDeepLinksRelease

> Task :react-native-svg:processReleaseManifest
package="com.horcrux.svg" found in source AndroidManifest.xml: /home/runner/work/HazardNet/HazardNet/node_modules/react-native-svg/android/src/main/AndroidManifest.xml.
Setting the namespace via the package attribute in the source AndroidManifest.xml is no longer supported, and the value is ignored.
Recommendation: remove package="com.horcrux.svg" from the source AndroidManifest.xml: /home/runner/work/HazardNet/HazardNet/node_modules/react-native-svg/android/src/main/AndroidManifest.xml.

> Task :react-native-screens:processReleaseManifest
package="com.swmansion.rnscreens" found in source AndroidManifest.xml: /home/runner/work/HazardNet/HazardNet/node_modules/react-native-screens/android/src/main/AndroidManifest.xml.
Setting the namespace via the package attribute in the source AndroidManifest.xml is no longer supported, and the value is ignored.
Recommendation: remove package="com.swmansion.rnscreens" from the source AndroidManifest.xml: /home/runner/work/HazardNet/HazardNet/node_modules/react-native-screens/android/src/main/AndroidManifest.xml.

> Task :shopify_flash-list:processReleaseManifest
package="com.shopify.reactnative.flash_list" found in source AndroidManifest.xml: /home/runner/work/HazardNet/HazardNet/node_modules/@shopify/flash-list/android/src/main/AndroidManifest.xml.
Setting the namespace via the package attribute in the source AndroidManifest.xml is no longer supported, and the value is ignored.
Recommendation: remove package="com.shopify.reactnative.flash_list" from the source AndroidManifest.xml: /home/runner/work/HazardNet/HazardNet/node_modules/@shopify/flash-list/android/src/main/AndroidManifest.xml.

> Task :expo:compileReleaseLibraryResources

> Task :app:processReleaseMainManifest
/home/runner/work/HazardNet/HazardNet/apps/mobile/android/app/src/main/AndroidManifest.xml Warning:
	provider#expo.modules.filesystem.FileSystemFileProvider@android:authorities was tagged at AndroidManifest.xml:0 to replace other declarations but no other declaration present

> Task :app:processReleaseManifest
> Task :expo:parseReleaseLocalResources
> Task :expo-application:compileReleaseLibraryResources
> Task :app:processReleaseManifestForPackage
> Task :expo-asset:compileReleaseLibraryResources
> Task :expo-application:parseReleaseLocalResources
> Task :expo-constants:compileReleaseLibraryResources
> Task :expo-asset:parseReleaseLocalResources
> Task :expo-constants:parseReleaseLocalResources
> Task :expo:generateReleaseRFile
> Task :expo-application:generateReleaseRFile
> Task :expo-asset:generateReleaseRFile
> Task :expo-device:compileReleaseLibraryResources
> Task :expo-constants:generateReleaseRFile
> Task :expo-device:parseReleaseLocalResources
> Task :expo-file-system:compileReleaseLibraryResources
> Task :expo-device:generateReleaseRFile
> Task :expo-file-system:parseReleaseLocalResources
> Task :expo-font:compileReleaseLibraryResources
> Task :expo-file-system:generateReleaseRFile
> Task :expo-font:parseReleaseLocalResources
> Task :expo-haptics:compileReleaseLibraryResources
> Task :expo-haptics:parseReleaseLocalResources
> Task :expo-font:generateReleaseRFile
> Task :expo-image-loader:compileReleaseLibraryResources
> Task :expo-image-loader:parseReleaseLocalResources
> Task :expo-haptics:generateReleaseRFile
> Task :expo-image-picker:compileReleaseLibraryResources
> Task :expo-image-loader:generateReleaseRFile
> Task :expo-image-picker:parseReleaseLocalResources
> Task :expo-keep-awake:compileReleaseLibraryResources
> Task :expo-location:compileReleaseLibraryResources
> Task :expo-keep-awake:parseReleaseLocalResources
> Task :expo-location:parseReleaseLocalResources
> Task :expo-modules-core:compileReleaseLibraryResources
> Task :expo-image-picker:generateReleaseRFile
> Task :expo-keep-awake:generateReleaseRFile
> Task :expo-location:generateReleaseRFile
> Task :expo-modules-core:parseReleaseLocalResources
> Task :expo-notifications:compileReleaseLibraryResources
> Task :expo-modules-core:generateReleaseRFile
> Task :expo-notifications:parseReleaseLocalResources
> Task :expo-screen-orientation:compileReleaseLibraryResources
> Task :expo-screen-orientation:parseReleaseLocalResources
> Task :expo-system-ui:compileReleaseLibraryResources
> Task :expo-notifications:generateReleaseRFile
> Task :expo-system-ui:parseReleaseLocalResources
> Task :expo-screen-orientation:generateReleaseRFile
> Task :react-native-async-storage_async-storage:compileReleaseLibraryResources
> Task :react-native-async-storage_async-storage:parseReleaseLocalResources
> Task :expo-system-ui:generateReleaseRFile
> Task :react-native-async-storage_async-storage:generateReleaseRFile
> Task :react-native-community_netinfo:parseReleaseLocalResources
> Task :react-native-gesture-handler:compileReleaseLibraryResources
> Task :react-native-community_netinfo:compileReleaseLibraryResources
> Task :react-native-gesture-handler:parseReleaseLocalResources
> Task :react-native-community_netinfo:generateReleaseRFile
> Task :react-native-reanimated:compileReleaseLibraryResources
> Task :react-native-gesture-handler:generateReleaseRFile
> Task :react-native-reanimated:parseReleaseLocalResources
> Task :react-native-safe-area-context:compileReleaseLibraryResources
> Task :react-native-reanimated:generateReleaseRFile
> Task :react-native-safe-area-context:parseReleaseLocalResources
> Task :react-native-svg:compileReleaseLibraryResources
> Task :react-native-safe-area-context:generateReleaseRFile
> Task :react-native-screens:parseReleaseLocalResources
> Task :react-native-screens:compileReleaseLibraryResources
> Task :react-native-svg:parseReleaseLocalResources
> Task :shopify_flash-list:compileReleaseLibraryResources
> Task :react-native-screens:generateReleaseRFile
> Task :expo:checkKotlinGradlePluginConfigurationErrors
> Task :react-native-svg:generateReleaseRFile
> Task :shopify_flash-list:parseReleaseLocalResources
> Task :expo:generateReleaseBuildConfig
> Task :expo-application:checkKotlinGradlePluginConfigurationErrors
> Task :shopify_flash-list:generateReleaseRFile
> Task :expo-application:generateReleaseBuildConfig
> Task :expo-modules-core:checkKotlinGradlePluginConfigurationErrors
> Task :expo-modules-core:generateReleaseBuildConfig
> Task :app:processReleaseResources
> Task :expo-asset:checkKotlinGradlePluginConfigurationErrors
> Task :expo-modules-core:javaPreCompileRelease
> Task :expo-application:javaPreCompileRelease
> Task :expo-asset:generateReleaseBuildConfig
> Task :expo-constants:checkKotlinGradlePluginConfigurationErrors
> Task :expo-asset:javaPreCompileRelease
> Task :expo-constants:generateReleaseBuildConfig
> Task :expo-device:checkKotlinGradlePluginConfigurationErrors
> Task :expo-device:generateReleaseBuildConfig
> Task :expo-constants:javaPreCompileRelease
> Task :expo-file-system:checkKotlinGradlePluginConfigurationErrors
> Task :expo-device:javaPreCompileRelease
> Task :expo-file-system:generateReleaseBuildConfig
> Task :expo-font:checkKotlinGradlePluginConfigurationErrors
> Task :expo-file-system:javaPreCompileRelease
> Task :expo-font:generateReleaseBuildConfig
> Task :expo-haptics:checkKotlinGradlePluginConfigurationErrors
> Task :expo-font:javaPreCompileRelease
> Task :expo-haptics:generateReleaseBuildConfig
> Task :expo-image-loader:checkKotlinGradlePluginConfigurationErrors
> Task :expo-haptics:javaPreCompileRelease
> Task :expo-image-loader:generateReleaseBuildConfig
> Task :expo-image-picker:checkKotlinGradlePluginConfigurationErrors
> Task :expo-image-loader:javaPreCompileRelease
> Task :expo-image-picker:generateReleaseBuildConfig
> Task :expo-image-picker:javaPreCompileRelease
> Task :expo-keep-awake:checkKotlinGradlePluginConfigurationErrors
> Task :expo-keep-awake:generateReleaseBuildConfig
> Task :expo-location:checkKotlinGradlePluginConfigurationErrors
> Task :expo-keep-awake:javaPreCompileRelease
> Task :expo-location:generateReleaseBuildConfig
> Task :expo-notifications:checkKotlinGradlePluginConfigurationErrors
> Task :expo-notifications:generateReleaseBuildConfig
> Task :expo-location:javaPreCompileRelease
> Task :expo-screen-orientation:checkKotlinGradlePluginConfigurationErrors
> Task :expo-notifications:javaPreCompileRelease
> Task :expo-screen-orientation:generateReleaseBuildConfig
> Task :expo-system-ui:checkKotlinGradlePluginConfigurationErrors
> Task :expo-screen-orientation:javaPreCompileRelease
> Task :expo-system-ui:generateReleaseBuildConfig
> Task :expo-system-ui:javaPreCompileRelease
> Task :expo:javaPreCompileRelease
> Task :react-native-async-storage_async-storage:generateReleaseBuildConfig
> Task :react-native-async-storage_async-storage:javaPreCompileRelease
> Task :react-native-community_netinfo:generateReleaseBuildConfig

> Task :react-native-async-storage_async-storage:compileReleaseJavaWithJavac
Note: Some input files use or override a deprecated API.
Note: Recompile with -Xlint:deprecation for details.
Note: /home/runner/work/HazardNet/HazardNet/node_modules/@react-native-async-storage/async-storage/android/src/javaPackage/java/com/reactnativecommunity/asyncstorage/AsyncStoragePackage.java uses unchecked or unsafe operations.
Note: Recompile with -Xlint:unchecked for details.

> Task :react-native-gesture-handler:checkKotlinGradlePluginConfigurationErrors
> Task :react-native-community_netinfo:javaPreCompileRelease
> Task :react-native-gesture-handler:generateReleaseBuildConfig
> Task :react-native-async-storage_async-storage:bundleLibCompileToJarRelease

> Task :react-native-community_netinfo:compileReleaseJavaWithJavac
/home/runner/work/HazardNet/HazardNet/node_modules/@react-native-community/netinfo/android/src/main/java/com/reactnativecommunity/netinfo/NetInfoModule.java:47: warning: [removal] onCatalystInstanceDestroy() in NativeModule has been deprecated and marked for removal
    public void onCatalystInstanceDestroy() {
                ^
Note: Some input files use or override a deprecated API.
Note: Recompile with -Xlint:deprecation for details.
1 warning

> Task :react-native-community_netinfo:bundleLibCompileToJarRelease
> Task :react-native-reanimated:generateReleaseBuildConfig
> Task :react-native-reanimated:packageNdkLibs NO-SOURCE
> Task :react-native-safe-area-context:checkKotlinGradlePluginConfigurationErrors
> Task :react-native-gesture-handler:javaPreCompileRelease
> Task :react-native-reanimated:javaPreCompileRelease
> Task :react-native-safe-area-context:generateReleaseBuildConfig

> Task :react-native-reanimated:compileReleaseJavaWithJavac
Note: Some input files use or override a deprecated API.
Note: Recompile with -Xlint:deprecation for details.
Note: Some input files use unchecked or unsafe operations.
Note: Recompile with -Xlint:unchecked for details.

> Task :react-native-reanimated:bundleLibCompileToJarRelease
> Task :react-native-safe-area-context:javaPreCompileRelease
> Task :react-native-screens:checkKotlinGradlePluginConfigurationErrors
> Task :react-native-screens:generateReleaseBuildConfig

> Task :react-native-safe-area-context:compileReleaseKotlin
w: file:///home/runner/work/HazardNet/HazardNet/node_modules/react-native-safe-area-context/android/src/main/java/com/th3rdwave/safeareacontext/SafeAreaContextPackage.kt:27:11 'constructor ReactModuleInfo(String!, String!, Boolean, Boolean, Boolean, Boolean, Boolean)' is deprecated. Deprecated in Java
w: file:///home/runner/work/HazardNet/HazardNet/node_modules/react-native-safe-area-context/android/src/main/java/com/th3rdwave/safeareacontext/SafeAreaContextPackage.kt:33:27 'hasConstants: Boolean' is deprecated. Deprecated in Java
w: file:///home/runner/work/HazardNet/HazardNet/node_modules/react-native-safe-area-context/android/src/main/java/com/th3rdwave/safeareacontext/SafeAreaView.kt:59:23 'getter for uiImplementation: UIImplementation!' is deprecated. Deprecated in Java

> Task :react-native-safe-area-context:compileReleaseJavaWithJavac
Note: /home/runner/work/HazardNet/HazardNet/node_modules/react-native-safe-area-context/android/src/paper/java/com/th3rdwave/safeareacontext/NativeSafeAreaContextSpec.java uses or overrides a deprecated API.
Note: Recompile with -Xlint:deprecation for details.

> Task :react-native-safe-area-context:bundleLibCompileToJarRelease
> Task :react-native-screens:javaPreCompileRelease
> Task :react-native-svg:generateReleaseBuildConfig
> Task :react-native-svg:javaPreCompileRelease

> Task :react-native-svg:compileReleaseJavaWithJavac
Note: Some input files use or override a deprecated API.
Note: Recompile with -Xlint:deprecation for details.
Note: Some input files use unchecked or unsafe operations.
Note: Recompile with -Xlint:unchecked for details.

> Task :react-native-svg:bundleLibCompileToJarRelease
> Task :shopify_flash-list:checkKotlinGradlePluginConfigurationErrors
> Task :shopify_flash-list:generateReleaseBuildConfig

> Task :shopify_flash-list:compileReleaseKotlin
w: file:///home/runner/work/HazardNet/HazardNet/node_modules/@shopify/flash-list/android/src/main/kotlin/com/shopify/reactnative/flash_list/AutoLayoutShadow.kt:87:13 Name shadowed: actualScrollOffset
w: file:///home/runner/work/HazardNet/HazardNet/node_modules/@shopify/flash-list/android/src/main/kotlin/com/shopify/reactnative/flash_list/AutoLayoutView.kt:16:44 'RCTEventEmitter' is deprecated. Deprecated in Java

> Task :shopify_flash-list:javaPreCompileRelease
> Task :shopify_flash-list:compileReleaseJavaWithJavac
> Task :shopify_flash-list:bundleLibCompileToJarRelease
> Task :app:javaPreCompileRelease
> Task :app:extractProguardFiles
> Task :expo:mergeReleaseJniLibFolders
> Task :expo:mergeReleaseNativeLibs NO-SOURCE
> Task :expo:stripReleaseDebugSymbols NO-SOURCE
> Task :expo:copyReleaseJniLibsProjectAndLocalJars
> Task :expo:extractDeepLinksForAarRelease
> Task :expo:mergeReleaseShaders
> Task :expo:compileReleaseShaders NO-SOURCE
> Task :expo:generateReleaseAssets UP-TO-DATE
> Task :expo:packageReleaseAssets
> Task :expo:prepareLintJarForPublish
> Task :expo:prepareReleaseArtProfile
> Task :expo-application:mergeReleaseJniLibFolders
> Task :expo-application:mergeReleaseNativeLibs NO-SOURCE
> Task :expo-application:stripReleaseDebugSymbols NO-SOURCE
> Task :expo-application:copyReleaseJniLibsProjectAndLocalJars
> Task :expo-application:extractDeepLinksForAarRelease
> Task :expo-application:mergeReleaseShaders
> Task :expo-application:compileReleaseShaders NO-SOURCE
> Task :expo-application:generateReleaseAssets UP-TO-DATE
> Task :expo-application:packageReleaseAssets
> Task :expo-application:prepareLintJarForPublish
> Task :expo-application:prepareReleaseArtProfile
> Task :expo-asset:mergeReleaseJniLibFolders
> Task :expo-asset:mergeReleaseNativeLibs NO-SOURCE
> Task :expo-asset:stripReleaseDebugSymbols NO-SOURCE
> Task :expo-asset:copyReleaseJniLibsProjectAndLocalJars
> Task :expo-asset:extractDeepLinksForAarRelease
> Task :expo-asset:mergeReleaseShaders
> Task :expo-asset:compileReleaseShaders NO-SOURCE
> Task :expo-asset:generateReleaseAssets UP-TO-DATE
> Task :expo-asset:packageReleaseAssets
> Task :expo-asset:prepareLintJarForPublish
> Task :expo-asset:prepareReleaseArtProfile
> Task :expo-constants:mergeReleaseJniLibFolders
> Task :expo-constants:mergeReleaseNativeLibs NO-SOURCE
> Task :expo-constants:stripReleaseDebugSymbols NO-SOURCE
> Task :expo-constants:copyReleaseJniLibsProjectAndLocalJars
> Task :expo-constants:extractDeepLinksForAarRelease
> Task :expo-constants:mergeReleaseShaders
> Task :expo-constants:compileReleaseShaders NO-SOURCE
> Task :expo-constants:generateReleaseAssets UP-TO-DATE
> Task :expo-constants:packageReleaseAssets
> Task :expo-constants:prepareLintJarForPublish
> Task :expo-constants:prepareReleaseArtProfile
> Task :expo-device:mergeReleaseJniLibFolders
> Task :expo-device:mergeReleaseNativeLibs NO-SOURCE
> Task :expo-device:stripReleaseDebugSymbols NO-SOURCE
> Task :expo-device:copyReleaseJniLibsProjectAndLocalJars
> Task :expo-device:extractDeepLinksForAarRelease
> Task :expo-device:mergeReleaseShaders
> Task :expo-device:compileReleaseShaders NO-SOURCE
> Task :expo-device:generateReleaseAssets UP-TO-DATE
> Task :expo-device:packageReleaseAssets
> Task :expo-device:prepareLintJarForPublish
> Task :expo-device:prepareReleaseArtProfile
> Task :expo-file-system:mergeReleaseJniLibFolders
> Task :expo-file-system:mergeReleaseNativeLibs NO-SOURCE
> Task :expo-file-system:stripReleaseDebugSymbols NO-SOURCE
> Task :expo-file-system:copyReleaseJniLibsProjectAndLocalJars
> Task :expo-file-system:extractDeepLinksForAarRelease
> Task :expo-file-system:mergeReleaseShaders
> Task :expo-file-system:compileReleaseShaders NO-SOURCE
> Task :expo-file-system:generateReleaseAssets UP-TO-DATE
> Task :expo-file-system:packageReleaseAssets
> Task :expo-file-system:prepareLintJarForPublish
> Task :expo-file-system:prepareReleaseArtProfile
> Task :expo-font:mergeReleaseJniLibFolders
> Task :expo-font:mergeReleaseNativeLibs NO-SOURCE
> Task :expo-font:stripReleaseDebugSymbols NO-SOURCE
> Task :expo-font:copyReleaseJniLibsProjectAndLocalJars
> Task :expo-font:extractDeepLinksForAarRelease
> Task :expo-font:mergeReleaseShaders
> Task :expo-font:compileReleaseShaders NO-SOURCE
> Task :expo-font:generateReleaseAssets UP-TO-DATE
> Task :expo-font:packageReleaseAssets
> Task :expo-font:prepareLintJarForPublish
> Task :expo-font:prepareReleaseArtProfile
> Task :expo-haptics:mergeReleaseJniLibFolders
> Task :expo-haptics:mergeReleaseNativeLibs NO-SOURCE
> Task :expo-haptics:stripReleaseDebugSymbols NO-SOURCE
> Task :expo-haptics:copyReleaseJniLibsProjectAndLocalJars
> Task :expo-haptics:extractDeepLinksForAarRelease
> Task :expo-haptics:mergeReleaseShaders
> Task :expo-haptics:compileReleaseShaders NO-SOURCE
> Task :expo-haptics:generateReleaseAssets UP-TO-DATE
> Task :expo-haptics:packageReleaseAssets
> Task :expo-haptics:prepareLintJarForPublish
> Task :expo-haptics:prepareReleaseArtProfile
> Task :expo-image-loader:mergeReleaseJniLibFolders
> Task :expo-image-loader:mergeReleaseNativeLibs NO-SOURCE
> Task :expo-image-loader:stripReleaseDebugSymbols NO-SOURCE
> Task :expo-image-loader:copyReleaseJniLibsProjectAndLocalJars
> Task :expo-image-loader:extractDeepLinksForAarRelease
> Task :expo-image-loader:mergeReleaseShaders
> Task :expo-image-loader:compileReleaseShaders NO-SOURCE
> Task :expo-image-loader:generateReleaseAssets UP-TO-DATE
> Task :expo-image-loader:packageReleaseAssets
> Task :expo-image-loader:prepareLintJarForPublish
> Task :expo-image-loader:prepareReleaseArtProfile
> Task :expo-image-picker:mergeReleaseJniLibFolders
> Task :expo-image-picker:mergeReleaseNativeLibs NO-SOURCE
> Task :expo-image-picker:stripReleaseDebugSymbols NO-SOURCE
> Task :expo-image-picker:copyReleaseJniLibsProjectAndLocalJars
> Task :expo-image-picker:extractDeepLinksForAarRelease
> Task :expo-image-picker:mergeReleaseShaders
> Task :expo-image-picker:compileReleaseShaders NO-SOURCE
> Task :expo-image-picker:generateReleaseAssets UP-TO-DATE
> Task :expo-image-picker:packageReleaseAssets
> Task :expo-image-picker:prepareLintJarForPublish
> Task :expo-image-picker:prepareReleaseArtProfile
> Task :expo-keep-awake:mergeReleaseJniLibFolders
> Task :expo-keep-awake:mergeReleaseNativeLibs NO-SOURCE
> Task :expo-keep-awake:stripReleaseDebugSymbols NO-SOURCE
> Task :expo-keep-awake:copyReleaseJniLibsProjectAndLocalJars
> Task :expo-keep-awake:extractDeepLinksForAarRelease
> Task :expo-keep-awake:mergeReleaseShaders
> Task :expo-keep-awake:compileReleaseShaders NO-SOURCE
> Task :expo-keep-awake:generateReleaseAssets UP-TO-DATE
> Task :expo-keep-awake:packageReleaseAssets
> Task :expo-keep-awake:prepareLintJarForPublish
> Task :expo-keep-awake:prepareReleaseArtProfile
> Task :expo-location:mergeReleaseJniLibFolders
> Task :expo-location:mergeReleaseNativeLibs NO-SOURCE
> Task :expo-location:stripReleaseDebugSymbols NO-SOURCE
> Task :expo-location:copyReleaseJniLibsProjectAndLocalJars
> Task :expo-location:extractDeepLinksForAarRelease
> Task :expo-location:mergeReleaseShaders
> Task :expo-location:compileReleaseShaders NO-SOURCE
> Task :expo-location:generateReleaseAssets UP-TO-DATE
> Task :expo-location:packageReleaseAssets
> Task :expo-location:prepareLintJarForPublish
> Task :expo-location:prepareReleaseArtProfile
> Task :expo-notifications:mergeReleaseJniLibFolders
> Task :expo-notifications:mergeReleaseNativeLibs NO-SOURCE
> Task :expo-notifications:stripReleaseDebugSymbols NO-SOURCE
> Task :expo-notifications:copyReleaseJniLibsProjectAndLocalJars
> Task :expo-notifications:extractDeepLinksForAarRelease
> Task :expo-notifications:mergeReleaseShaders
> Task :expo-notifications:compileReleaseShaders NO-SOURCE
> Task :expo-notifications:generateReleaseAssets UP-TO-DATE
> Task :expo-notifications:packageReleaseAssets
> Task :expo-notifications:prepareLintJarForPublish
> Task :expo-notifications:prepareReleaseArtProfile
> Task :expo-screen-orientation:mergeReleaseJniLibFolders
> Task :expo-screen-orientation:mergeReleaseNativeLibs NO-SOURCE
> Task :expo-screen-orientation:stripReleaseDebugSymbols NO-SOURCE
> Task :expo-screen-orientation:copyReleaseJniLibsProjectAndLocalJars
> Task :expo-screen-orientation:extractDeepLinksForAarRelease
> Task :expo-screen-orientation:mergeReleaseShaders
> Task :expo-screen-orientation:compileReleaseShaders NO-SOURCE
> Task :expo-screen-orientation:generateReleaseAssets UP-TO-DATE
> Task :expo-screen-orientation:packageReleaseAssets
> Task :expo-screen-orientation:prepareLintJarForPublish
> Task :expo-screen-orientation:prepareReleaseArtProfile
> Task :expo-system-ui:mergeReleaseJniLibFolders
> Task :expo-system-ui:mergeReleaseNativeLibs NO-SOURCE
> Task :expo-system-ui:stripReleaseDebugSymbols NO-SOURCE
> Task :expo-system-ui:copyReleaseJniLibsProjectAndLocalJars
> Task :expo-system-ui:extractDeepLinksForAarRelease
> Task :expo-system-ui:mergeReleaseShaders
> Task :expo-system-ui:compileReleaseShaders NO-SOURCE
> Task :expo-system-ui:generateReleaseAssets UP-TO-DATE
> Task :expo-system-ui:packageReleaseAssets
> Task :expo-system-ui:prepareLintJarForPublish
> Task :expo-system-ui:prepareReleaseArtProfile

> Task :expo-modules-core:configureCMakeRelWithDebInfo[arm64-v8a]
Checking the license for package CMake 3.22.1 in /usr/local/lib/android/sdk/licenses
License for package CMake 3.22.1 accepted.
Preparing "Install CMake 3.22.1 v.3.22.1".

> Task :expo-modules-core:compileReleaseKotlin

> Task :react-native-screens:compileReleaseKotlin
w: file:///home/runner/work/HazardNet/HazardNet/node_modules/react-native-screens/android/src/main/java/com/swmansion/rnscreens/RNScreensPackage.kt:42:47 'constructor ReactModuleInfo(String!, String!, Boolean, Boolean, Boolean, Boolean, Boolean)' is deprecated. Deprecated in Java
w: file:///home/runner/work/HazardNet/HazardNet/node_modules/react-native-screens/android/src/main/java/com/swmansion/rnscreens/ScreenContainer.kt:30:53 'FrameCallback' is deprecated. Deprecated in Java
w: file:///home/runner/work/HazardNet/HazardNet/node_modules/react-native-screens/android/src/main/java/com/swmansion/rnscreens/ScreenContainer.kt:30:98 'FrameCallback' is deprecated. Deprecated in Java
w: file:///home/runner/work/HazardNet/HazardNet/node_modules/react-native-screens/android/src/main/java/com/swmansion/rnscreens/ScreenStackFragment.kt:65:27 'setter for targetElevation: Float' is deprecated. Deprecated in Java
w: file:///home/runner/work/HazardNet/HazardNet/node_modules/react-native-screens/android/src/main/java/com/swmansion/rnscreens/ScreenStackFragment.kt:128:27 'setter for targetElevation: Float' is deprecated. Deprecated in Java
w: file:///home/runner/work/HazardNet/HazardNet/node_modules/react-native-screens/android/src/main/java/com/swmansion/rnscreens/ScreenStackHeaderConfig.kt:86:34 'getter for systemWindowInsetTop: Int' is deprecated. Deprecated in Java
w: file:///home/runner/work/HazardNet/HazardNet/node_modules/react-native-screens/android/src/main/java/com/swmansion/rnscreens/ScreenStackHeaderConfig.kt:231:37 'setColorFilter(Int, PorterDuff.Mode): Unit' is deprecated. Deprecated in Java
w: file:///home/runner/work/HazardNet/HazardNet/node_modules/react-native-screens/android/src/main/java/com/swmansion/rnscreens/ScreenViewManager.kt:47:42 'setStateWrapper(StateWrapper!): Unit' is deprecated. Deprecated in Java
w: file:///home/runner/work/HazardNet/HazardNet/node_modules/react-native-screens/android/src/main/java/com/swmansion/rnscreens/ScreenWindowTraits.kt:135:47 'replaceSystemWindowInsets(Int, Int, Int, Int): WindowInsetsCompat' is deprecated. Deprecated in Java
w: file:///home/runner/work/HazardNet/HazardNet/node_modules/react-native-screens/android/src/main/java/com/swmansion/rnscreens/ScreenWindowTraits.kt:136:51 'getter for systemWindowInsetLeft: Int' is deprecated. Deprecated in Java
w: file:///home/runner/work/HazardNet/HazardNet/node_modules/react-native-screens/android/src/main/java/com/swmansion/rnscreens/ScreenWindowTraits.kt:138:51 'getter for systemWindowInsetRight: Int' is deprecated. Deprecated in Java
w: file:///home/runner/work/HazardNet/HazardNet/node_modules/react-native-screens/android/src/main/java/com/swmansion/rnscreens/ScreenWindowTraits.kt:139:51 'getter for systemWindowInsetBottom: Int' is deprecated. Deprecated in Java
w: file:///home/runner/work/HazardNet/HazardNet/node_modules/react-native-screens/android/src/main/java/com/swmansion/rnscreens/SearchBarManager.kt:100:22 Parameter 'view' is never used
w: file:///home/runner/work/HazardNet/HazardNet/node_modules/react-native-screens/android/src/main/java/com/swmansion/rnscreens/SearchBarManager.kt:100:43 Parameter 'placeholder' is never used
w: file:///home/runner/work/HazardNet/HazardNet/node_modules/react-native-screens/android/src/main/java/com/swmansion/rnscreens/SearchBarView.kt:147:43 Parameter 'flag' is never used
w: file:///home/runner/work/HazardNet/HazardNet/node_modules/react-native-screens/android/src/main/java/com/swmansion/rnscreens/events/HeaderHeightChangeEvent.kt:6:44 'RCTEventEmitter' is deprecated. Deprecated in Java
w: file:///home/runner/work/HazardNet/HazardNet/node_modules/react-native-screens/android/src/paper/java/com/swmansion/rnscreens/FabricEnabledViewGroup.kt:5:37 'FabricViewStateManager' is deprecated. Deprecated in Java
w: file:///home/runner/work/HazardNet/HazardNet/node_modules/react-native-screens/android/src/paper/java/com/swmansion/rnscreens/FabricEnabledViewGroup.kt:9:48 'FabricViewStateManager' is deprecated. Deprecated in Java
w: file:///home/runner/work/HazardNet/HazardNet/node_modules/react-native-screens/android/src/paper/java/com/swmansion/rnscreens/FabricEnabledViewGroup.kt:11:42 Parameter 'width' is never used
w: file:///home/runner/work/HazardNet/HazardNet/node_modules/react-native-screens/android/src/paper/java/com/swmansion/rnscreens/FabricEnabledViewGroup.kt:11:54 Parameter 'height' is never used
w: file:///home/runner/work/HazardNet/HazardNet/node_modules/react-native-screens/android/src/paper/java/com/swmansion/rnscreens/FabricEnabledViewGroup.kt:11:67 Parameter 'headerHeight' is never used

> Task :expo-modules-core:configureCMakeRelWithDebInfo[arm64-v8a]
"Install CMake 3.22.1 v.3.22.1" ready.
Installing CMake 3.22.1 in /usr/local/lib/android/sdk/cmake/3.22.1
"Install CMake 3.22.1 v.3.22.1" complete.
"Install CMake 3.22.1 v.3.22.1" finished.

> Task :react-native-gesture-handler:compileReleaseKotlin
w: file:///home/runner/work/HazardNet/HazardNet/node_modules/react-native-gesture-handler/android/src/main/java/com/swmansion/gesturehandler/RNGestureHandlerPackage.kt:69:42 'constructor ReactModuleInfo(String!, String!, Boolean, Boolean, Boolean, Boolean, Boolean)' is deprecated. Deprecated in Java
w: file:///home/runner/work/HazardNet/HazardNet/node_modules/react-native-gesture-handler/android/src/main/java/com/swmansion/gesturehandler/core/FlingGestureHandler.kt:25:26 Parameter 'event' is never used

> Task :react-native-gesture-handler:compileReleaseJavaWithJavac
> Task :react-native-gesture-handler:bundleLibCompileToJarRelease

> Task :react-native-screens:compileReleaseJavaWithJavac
Note: /home/runner/work/HazardNet/HazardNet/node_modules/react-native-screens/android/src/paper/java/com/swmansion/rnscreens/NativeScreensModuleSpec.java uses or overrides a deprecated API.
Note: Recompile with -Xlint:deprecation for details.

> Task :react-native-screens:bundleLibCompileToJarRelease

> Task :expo-modules-core:compileReleaseKotlin
w: file:///home/runner/work/HazardNet/HazardNet/apps/mobile/node_modules/expo-modules-core/android/src/main/java/expo/modules/adapters/react/permissions/PermissionsService.kt:20:26 'Promise' is deprecated. AsyncFunction will crash when called. Use expo.modules.kotlin.Promise instead
w: file:///home/runner/work/HazardNet/HazardNet/apps/mobile/node_modules/expo-modules-core/android/src/main/java/expo/modules/adapters/react/permissions/PermissionsService.kt:63:51 'Promise' is deprecated. AsyncFunction will crash when called. Use expo.modules.kotlin.Promise instead
w: file:///home/runner/work/HazardNet/HazardNet/apps/mobile/node_modules/expo-modules-core/android/src/main/java/expo/modules/adapters/react/permissions/PermissionsService.kt:90:54 'Promise' is deprecated. AsyncFunction will crash when called. Use expo.modules.kotlin.Promise instead
w: file:///home/runner/work/HazardNet/HazardNet/apps/mobile/node_modules/expo-modules-core/android/src/main/java/expo/modules/kotlin/defaultmodules/CoreModule.kt:6:34 'ReactFeatureFlags' is deprecated. Deprecated in Java
w: file:///home/runner/work/HazardNet/HazardNet/apps/mobile/node_modules/expo-modules-core/android/src/main/java/expo/modules/kotlin/defaultmodules/CoreModule.kt:70:12 'ReactFeatureFlags' is deprecated. Deprecated in Java
w: file:///home/runner/work/HazardNet/HazardNet/apps/mobile/node_modules/expo-modules-core/android/src/main/java/expo/modules/kotlin/events/KModuleEventEmitterWrapper.kt:97:7 'constructor Event<T : Event<(raw) Event<*>>!>(Int)' is deprecated. Deprecated in Java
w: file:///home/runner/work/HazardNet/HazardNet/apps/mobile/node_modules/expo-modules-core/android/src/main/java/expo/modules/kotlin/types/JSTypeConverterHelper.kt:44:17 'get(String!): Any?' is deprecated. Deprecated in Java

> Task :expo-modules-core:buildCMakeRelWithDebInfo[arm64-v8a]

> Task :expo-modules-core:compileReleaseJavaWithJavac
Note: Some input files use or override a deprecated API.
Note: Recompile with -Xlint:deprecation for details.
Note: Some input files use unchecked or unsafe operations.
Note: Recompile with -Xlint:unchecked for details.

> Task :expo-modules-core:bundleLibCompileToJarRelease
> Task :expo-modules-core:configureCMakeRelWithDebInfo[armeabi-v7a]
> Task :expo-application:compileReleaseKotlin
> Task :expo-constants:compileReleaseKotlin
> Task :expo-asset:compileReleaseKotlin
> Task :expo-application:compileReleaseJavaWithJavac
> Task :expo-application:bundleLibCompileToJarRelease
> Task :expo-asset:compileReleaseJavaWithJavac
> Task :expo-asset:bundleLibCompileToJarRelease
> Task :expo-device:compileReleaseKotlin
> Task :expo-constants:compileReleaseJavaWithJavac
> Task :expo-constants:bundleLibCompileToJarRelease
> Task :expo-device:compileReleaseJavaWithJavac
> Task :expo-device:bundleLibCompileToJarRelease
> Task :expo-haptics:compileReleaseKotlin FAILED
> Task :expo-font:compileReleaseKotlin
> Task :expo-file-system:compileReleaseKotlin

FAILURE: Build failed with an exception.

* What went wrong:
Execution failed for task ':expo-haptics:compileReleaseKotlin'.
> Inconsistent JVM-target compatibility detected for tasks 'compileReleaseJavaWithJavac' (17) and 'compileReleaseKotlin' (11).
  
  Consider using JVM Toolchain: https://kotl.in/gradle/jvm/toolchain
  Learn more about JVM-target validation: https://kotl.in/gradle/jvm/target-validation 

* Try:
> Run with --info or --debug option to get more log output.
> Run with --scan to get full insights.
> Get more help at https://help.gradle.org.

* Exception is:
org.gradle.api.tasks.TaskExecutionException: Execution failed for task ':expo-haptics:compileReleaseKotlin'.
	at org.gradle.api.internal.tasks.execution.ExecuteActionsTaskExecuter.lambda$executeIfValid$1(ExecuteActionsTaskExecuter.java:148)
	at org.gradle.internal.Try$Failure.ifSuccessfulOrElse(Try.java:282)
	at org.gradle.api.internal.tasks.execution.ExecuteActionsTaskExecuter.executeIfValid(ExecuteActionsTaskExecuter.java:146)
	at org.gradle.api.internal.tasks.execution.ExecuteActionsTaskExecuter.execute(ExecuteActionsTaskExecuter.java:134)
	at org.gradle.api.internal.tasks.execution.FinalizePropertiesTaskExecuter.execute(FinalizePropertiesTaskExecuter.java:46)
	at org.gradle.api.internal.tasks.execution.ResolveTaskExecutionModeExecuter.execute(ResolveTaskExecutionModeExecuter.java:51)
	at org.gradle.api.internal.tasks.execution.SkipTaskWithNoActionsExecuter.execute(SkipTaskWithNoActionsExecuter.java:57)
	at org.gradle.api.internal.tasks.execution.SkipOnlyIfTaskExecuter.execute(SkipOnlyIfTaskExecuter.java:74)
	at org.gradle.api.internal.tasks.execution.CatchExceptionTaskExecuter.execute(CatchExceptionTaskExecuter.java:36)
	at org.gradle.api.internal.tasks.execution.EventFiringTaskExecuter$1.executeTask(EventFiringTaskExecuter.java:77)
	at org.gradle.api.internal.tasks.execution.EventFiringTaskExecuter$1.call(EventFiringTaskExecuter.java:55)
	at org.gradle.api.internal.tasks.execution.EventFiringTaskExecuter$1.call(EventFiringTaskExecuter.java:52)
	at org.gradle.internal.operations.DefaultBuildOperationRunner$CallableBuildOperationWorker.execute(DefaultBuildOperationRunner.java:204)
	at org.gradle.internal.operations.DefaultBuildOperationRunner$CallableBuildOperationWorker.execute(DefaultBuildOperationRunner.java:199)
	at org.gradle.internal.operations.DefaultBuildOperationRunner$2.execute(DefaultBuildOperationRunner.java:66)
	at org.gradle.internal.operations.DefaultBuildOperationRunner$2.execute(DefaultBuildOperationRunner.java:59)
	at org.gradle.internal.operations.DefaultBuildOperationRunner.execute(DefaultBuildOperationRunner.java:157)
	at org.gradle.internal.operations.DefaultBuildOperationRunner.execute(DefaultBuildOperationRunner.java:59)
	at org.gradle.internal.operations.DefaultBuildOperationRunner.call(DefaultBuildOperationRunner.java:53)
	at org.gradle.internal.operations.DefaultBuildOperationExecutor.call(DefaultBuildOperationExecutor.java:73)
	at org.gradle.api.internal.tasks.execution.EventFiringTaskExecuter.execute(EventFiringTaskExecuter.java:52)
	at org.gradle.execution.plan.LocalTaskNodeExecutor.execute(LocalTaskNodeExecutor.java:42)
	at org.gradle.execution.taskgraph.DefaultTaskExecutionGraph$InvokeNodeExecutorsAction.execute(DefaultTaskExecutionGraph.java:331)
	at org.gradle.execution.taskgraph.DefaultTaskExecutionGraph$InvokeNodeExecutorsAction.execute(DefaultTaskExecutionGraph.java:318)
	at org.gradle.execution.taskgraph.DefaultTaskExecutionGraph$BuildOperationAwareExecutionAction.lambda$execute$0(DefaultTaskExecutionGraph.java:314)
	at org.gradle.internal.operations.CurrentBuildOperationRef.with(CurrentBuildOperationRef.java:80)
	at org.gradle.execution.taskgraph.DefaultTaskExecutionGraph$BuildOperationAwareExecutionAction.execute(DefaultTaskExecutionGraph.java:314)
	at org.gradle.execution.taskgraph.DefaultTaskExecutionGraph$BuildOperationAwareExecutionAction.execute(DefaultTaskExecutionGraph.java:303)
	at org.gradle.execution.plan.DefaultPlanExecutor$ExecutorWorker.execute(DefaultPlanExecutor.java:463)
	at org.gradle.execution.plan.DefaultPlanExecutor$ExecutorWorker.run(DefaultPlanExecutor.java:380)
	at org.gradle.internal.concurrent.ExecutorPolicy$CatchAndRecordFailures.onExecute(ExecutorPolicy.java:64)
	at org.gradle.internal.concurrent.AbstractManagedExecutor$1.run(AbstractManagedExecutor.java:47)
Caused by: org.gradle.api.InvalidUserCodeException: Inconsistent JVM-target compatibility detected for tasks 'compileReleaseJavaWithJavac' (17) and 'compileReleaseKotlin' (11).

Consider using JVM Toolchain: https://kotl.in/gradle/jvm/toolchain
Learn more about JVM-target validation: https://kotl.in/gradle/jvm/target-validation 
	at org.jetbrains.kotlin.gradle.plugin.diagnostics.RenderReportedDiagnosticsKt.createAnExceptionForFatalDiagnostic(renderReportedDiagnostics.kt:44)
	at org.jetbrains.kotlin.gradle.plugin.diagnostics.RenderReportedDiagnosticsKt.renderReportedDiagnostic(renderReportedDiagnostics.kt:32)
	at org.jetbrains.kotlin.gradle.plugin.diagnostics.KotlinToolingDiagnosticsCollector.report(KotlinToolingDiagnosticsCollector.kt:41)
	at org.jetbrains.kotlin.gradle.plugin.diagnostics.UsesKotlinToolingDiagnostics$DefaultImpls.reportDiagnostic(UsesKotlinToolingDiagnostics.kt:20)
	at org.jetbrains.kotlin.gradle.tasks.AbstractKotlinCompile.reportDiagnostic(AbstractKotlinCompile.kt:48)
	at org.jetbrains.kotlin.gradle.tasks.KotlinCompile.validateKotlinAndJavaHasSameTargetCompatibility(KotlinCompile.kt:378)
	at org.jetbrains.kotlin.gradle.tasks.KotlinCompile.callCompilerAsync$kotlin_gradle_plugin_common(KotlinCompile.kt:310)
	at org.jetbrains.kotlin.gradle.tasks.KotlinCompile.callCompilerAsync$kotlin_gradle_plugin_common(KotlinCompile.kt:56)
	at org.jetbrains.kotlin.gradle.tasks.AbstractKotlinCompile.executeImpl(AbstractKotlinCompile.kt:324)
	at org.jetbrains.kotlin.gradle.tasks.AbstractKotlinCompile.execute(AbstractKotlinCompile.kt:274)
	at java.base/jdk.internal.reflect.NativeMethodAccessorImpl.invoke0(Native Method)
	at java.base/jdk.internal.reflect.NativeMethodAccessorImpl.invoke(NativeMethodAccessorImpl.java:77)
	at java.base/jdk.internal.reflect.DelegatingMethodAccessorImpl.invoke(DelegatingMethodAccessorImpl.java:43)
	at org.gradle.internal.reflect.JavaMethod.invoke(JavaMethod.java:125)
	at org.gradle.api.internal.project.taskfactory.IncrementalTaskAction.doExecute(IncrementalTaskAction.java:45)
	at org.gradle.api.internal.project.taskfactory.StandardTaskAction.execute(StandardTaskAction.java:51)
	at org.gradle.api.internal.project.taskfactory.IncrementalTaskAction.execute(IncrementalTaskAction.java:26)
	at org.gradle.api.internal.project.taskfactory.StandardTaskAction.execute(StandardTaskAction.java:29)
	at org.gradle.api.internal.tasks.execution.TaskExecution$3.run(TaskExecution.java:247)
	at org.gradle.internal.operations.DefaultBuildOperationRunner$1.execute(DefaultBuildOperationRunner.java:29)
	at org.gradle.internal.operations.DefaultBuildOperationRunner$1.execute(DefaultBuildOperationRunner.java:26)
	at org.gradle.internal.operations.DefaultBuildOperationRunner$2.execute(DefaultBuildOperationRunner.java:66)
	at org.gradle.internal.operations.DefaultBuildOperationRunner$2.execute(DefaultBuildOperationRunner.java:59)
	at org.gradle.internal.operations.DefaultBuildOperationRunner.execute(DefaultBuildOperationRunner.java:157)
	at org.gradle.internal.operations.DefaultBuildOperationRunner.execute(DefaultBuildOperationRunner.java:59)
	at org.gradle.internal.operations.DefaultBuildOperationRunner.run(DefaultBuildOperationRunner.java:47)
	at org.gradle.internal.operations.DefaultBuildOperationExecutor.run(DefaultBuildOperationExecutor.java:68)
	at org.gradle.api.internal.tasks.execution.TaskExecution.executeAction(TaskExecution.java:232)
	at org.gradle.api.internal.tasks.execution.TaskExecution.executeActions(TaskExecution.java:215)
	at org.gradle.api.internal.tasks.execution.TaskExecution.executeWithPreviousOutputFiles(TaskExecution.java:198)
	at org.gradle.api.internal.tasks.execution.TaskExecution.execute(TaskExecution.java:165)
	at org.gradle.internal.execution.steps.ExecuteStep.executeInternal(ExecuteStep.java:105)
	at org.gradle.internal.execution.steps.ExecuteStep.access$000(ExecuteStep.java:44)
	at org.gradle.internal.execution.steps.ExecuteStep$1.call(ExecuteStep.java:59)
	at org.gradle.internal.execution.steps.ExecuteStep$1.call(ExecuteStep.java:56)
	at org.gradle.internal.operations.DefaultBuildOperationRunner$CallableBuildOperationWorker.execute(DefaultBuildOperationRunner.java:204)
	at org.gradle.internal.operations.DefaultBuildOperationRunner$CallableBuildOperationWorker.execute(DefaultBuildOperationRunner.java:199)
	at org.gradle.internal.operations.DefaultBuildOperationRunner$2.execute(DefaultBuildOperationRunner.java:66)
	at org.gradle.internal.operations.DefaultBuildOperationRunner$2.execute(DefaultBuildOperationRunner.java:59)
	at org.gradle.internal.operations.DefaultBuildOperationRunner.execute(DefaultBuildOperationRunner.java:157)
	at org.gradle.internal.operations.DefaultBuildOperationRunner.execute(DefaultBuildOperationRunner.java:59)
	at org.gradle.internal.operations.DefaultBuildOperationRunner.call(DefaultBuildOperationRunner.java:53)
	at org.gradle.internal.operations.DefaultBuildOperationExecutor.call(DefaultBuildOperationExecutor.java:73)
	at org.gradle.internal.execution.steps.ExecuteStep.execute(ExecuteStep.java:56)
	at org.gradle.internal.execution.steps.ExecuteStep.execute(ExecuteStep.java:44)
	at org.gradle.internal.execution.steps.CancelExecutionStep.execute(CancelExecutionStep.java:41)
	at org.gradle.internal.execution.steps.TimeoutStep.executeWithoutTimeout(TimeoutStep.java:74)
	at org.gradle.internal.execution.steps.TimeoutStep.execute(TimeoutStep.java:55)
	at org.gradle.internal.execution.steps.PreCreateOutputParentsStep.execute(PreCreateOutputParentsStep.java:50)
	at org.gradle.internal.execution.steps.PreCreateOutputParentsStep.execute(PreCreateOutputParentsStep.java:28)
	at org.gradle.internal.execution.steps.RemovePreviousOutputsStep.execute(RemovePreviousOutputsStep.java:67)
	at org.gradle.internal.execution.steps.RemovePreviousOutputsStep.execute(RemovePreviousOutputsStep.java:37)
	at org.gradle.internal.execution.steps.BroadcastChangingOutputsStep.execute(BroadcastChangingOutputsStep.java:61)
	at org.gradle.internal.execution.steps.BroadcastChangingOutputsStep.execute(BroadcastChangingOutputsStep.java:26)
	at org.gradle.internal.execution.steps.CaptureOutputsAfterExecutionStep.execute(CaptureOutputsAfterExecutionStep.java:64)
	at org.gradle.internal.execution.steps.CaptureOutputsAfterExecutionStep.execute(CaptureOutputsAfterExecutionStep.java:42)
	at org.gradle.internal.execution.steps.ResolveInputChangesStep.execute(ResolveInputChangesStep.java:40)
	at org.gradle.internal.execution.steps.ResolveInputChangesStep.execute(ResolveInputChangesStep.java:29)
	at org.gradle.internal.execution.steps.BuildCacheStep.executeWithoutCache(BuildCacheStep.java:189)
	at org.gradle.internal.execution.steps.BuildCacheStep.lambda$execute$1(BuildCacheStep.java:75)
	at org.gradle.internal.Either$Right.fold(Either.java:175)
	at org.gradle.internal.execution.caching.CachingState.fold(CachingState.java:59)
	at org.gradle.internal.execution.steps.BuildCacheStep.execute(BuildCacheStep.java:73)
	at org.gradle.internal.execution.steps.BuildCacheStep.execute(BuildCacheStep.java:48)
	at org.gradle.internal.execution.steps.StoreExecutionStateStep.execute(StoreExecutionStateStep.java:44)
	at org.gradle.internal.execution.steps.StoreExecutionStateStep.execute(StoreExecutionStateStep.java:33)
	at org.gradle.internal.execution.steps.SkipUpToDateStep.executeBecause(SkipUpToDateStep.java:76)
	at org.gradle.internal.execution.steps.SkipUpToDateStep.lambda$execute$2(SkipUpToDateStep.java:54)
	at org.gradle.internal.execution.steps.SkipUpToDateStep.execute(SkipUpToDateStep.java:54)
	at org.gradle.internal.execution.steps.SkipUpToDateStep.execute(SkipUpToDateStep.java:36)
	at org.gradle.internal.execution.steps.ResolveChangesStep.execute(ResolveChangesStep.java:65)
	at org.gradle.internal.execution.steps.ResolveChangesStep.execute(ResolveChangesStep.java:36)
	at org.gradle.internal.execution.steps.legacy.MarkSnapshottingInputsFinishedStep.execute(MarkSnapshottingInputsFinishedStep.java:37)
	at org.gradle.internal.execution.steps.legacy.MarkSnapshottingInputsFinishedStep.execute(MarkSnapshottingInputsFinishedStep.java:27)
	at org.gradle.internal.execution.steps.ResolveCachingStateStep.execute(ResolveCachingStateStep.java:76)
	at org.gradle.internal.execution.steps.ResolveCachingStateStep.execute(ResolveCachingStateStep.java:37)
	at org.gradle.internal.execution.steps.ValidateStep.execute(ValidateStep.java:106)
	at org.gradle.internal.execution.steps.ValidateStep.execute(ValidateStep.java:55)
	at org.gradle.internal.execution.steps.AbstractCaptureStateBeforeExecutionStep.execute(AbstractCaptureStateBeforeExecutionStep.java:64)
	at org.gradle.internal.execution.steps.AbstractCaptureStateBeforeExecutionStep.execute(AbstractCaptureStateBeforeExecutionStep.java:43)
	at org.gradle.internal.execution.steps.AbstractSkipEmptyWorkStep.executeWithNonEmptySources(AbstractSkipEmptyWorkStep.java:125)
	at org.gradle.internal.execution.steps.AbstractSkipEmptyWorkStep.execute(AbstractSkipEmptyWorkStep.java:61)
	at org.gradle.internal.execution.steps.AbstractSkipEmptyWorkStep.execute(AbstractSkipEmptyWorkStep.java:36)
	at org.gradle.internal.execution.steps.legacy.MarkSnapshottingInputsStartedStep.execute(MarkSnapshottingInputsStartedStep.java:38)
	at org.gradle.internal.execution.steps.LoadPreviousExecutionStateStep.execute(LoadPreviousExecutionStateStep.java:36)
	at org.gradle.internal.execution.steps.LoadPreviousExecutionStateStep.execute(LoadPreviousExecutionStateStep.java:23)
	at org.gradle.internal.execution.steps.HandleStaleOutputsStep.execute(HandleStaleOutputsStep.java:75)
	at org.gradle.internal.execution.steps.HandleStaleOutputsStep.execute(HandleStaleOutputsStep.java:41)
	at org.gradle.internal.execution.steps.AssignMutableWorkspaceStep.lambda$execute$0(AssignMutableWorkspaceStep.java:35)
	at org.gradle.api.internal.tasks.execution.TaskExecution$4.withWorkspace(TaskExecution.java:292)
	at org.gradle.internal.execution.steps.AssignMutableWorkspaceStep.execute(AssignMutableWorkspaceStep.java:31)
	at org.gradle.internal.execution.steps.AssignMutableWorkspaceStep.execute(AssignMutableWorkspaceStep.java:22)
	at org.gradle.internal.execution.steps.ChoosePipelineStep.execute(ChoosePipelineStep.java:40)
	at org.gradle.internal.execution.steps.ChoosePipelineStep.execute(ChoosePipelineStep.java:23)
	at org.gradle.internal.execution.steps.ExecuteWorkBuildOperationFiringStep.lambda$execute$2(ExecuteWorkBuildOperationFiringStep.java:66)
	at org.gradle.internal.execution.steps.ExecuteWorkBuildOperationFiringStep.execute(ExecuteWorkBuildOperationFiringStep.java:66)
	at org.gradle.internal.execution.steps.ExecuteWorkBuildOperationFiringStep.execute(ExecuteWorkBuildOperationFiringStep.java:38)
	at org.gradle.internal.execution.steps.IdentityCacheStep.execute(IdentityCacheStep.java:36)
	at org.gradle.internal.execution.steps.IdentityCacheStep.execute(IdentityCacheStep.java:26)
	at org.gradle.internal.execution.steps.IdentifyStep.execute(IdentifyStep.java:47)
	at org.gradle.internal.execution.steps.IdentifyStep.execute(IdentifyStep.java:34)
	at org.gradle.internal.execution.impl.DefaultExecutionEngine$1.execute(DefaultExecutionEngine.java:61)
	at org.gradle.api.internal.tasks.execution.ExecuteActionsTaskExecuter.executeIfValid(ExecuteActionsTaskExecuter.java:145)
	at org.gradle.api.internal.tasks.execution.ExecuteActionsTaskExecuter.execute(ExecuteActionsTaskExecuter.java:134)
	at org.gradle.api.internal.tasks.execution.FinalizePropertiesTaskExecuter.execute(FinalizePropertiesTaskExecuter.java:46)
	at org.gradle.api.internal.tasks.execution.ResolveTaskExecutionModeExecuter.execute(ResolveTaskExecutionModeExecuter.java:51)
	at org.gradle.api.internal.tasks.execution.SkipTaskWithNoActionsExecuter.execute(SkipTaskWithNoActionsExecuter.java:57)
	at org.gradle.api.internal.tasks.execution.SkipOnlyIfTaskExecuter.execute(SkipOnlyIfTaskExecuter.java:74)
	at org.gradle.api.internal.tasks.execution.CatchExceptionTaskExecuter.execute(CatchExceptionTaskExecuter.java:36)
	at org.gradle.api.internal.tasks.execution.EventFiringTaskExecuter$1.executeTask(EventFiringTaskExecuter.java:77)
	at org.gradle.api.internal.tasks.execution.EventFiringTaskExecuter$1.call(EventFiringTaskExecuter.java:55)
	at org.gradle.api.internal.tasks.execution.EventFiringTaskExecuter$1.call(EventFiringTaskExecuter.java:52)
	at org.gradle.internal.operations.DefaultBuildOperationRunner$CallableBuildOperationWorker.execute(DefaultBuildOperationRunner.java:204)
	at org.gradle.internal.operations.DefaultBuildOperationRunner$CallableBuildOperationWorker.execute(DefaultBuildOperationRunner.java:199)
	at org.gradle.internal.operations.DefaultBuildOperationRunner$2.execute(DefaultBuildOperationRunner.java:66)
	at org.gradle.internal.operations.DefaultBuildOperationRunner$2.execute(DefaultBuildOperationRunner.java:59)
	at org.gradle.internal.operations.DefaultBuildOperationRunner.execute(DefaultBuildOperationRunner.java:157)
	at org.gradle.internal.operations.DefaultBuildOperationRunner.execute(DefaultBuildOperationRunner.java:59)
	at org.gradle.internal.operations.DefaultBuildOperationRunner.call(DefaultBuildOperationRunner.java:53)
	at org.gradle.internal.operations.DefaultBuildOperationExecutor.call(DefaultBuildOperationExecutor.java:73)
	at org.gradle.api.internal.tasks.execution.EventFiringTaskExecuter.execute(EventFiringTaskExecuter.java:52)
	at org.gradle.execution.plan.LocalTaskNodeExecutor.execute(LocalTaskNodeExecutor.java:42)
	at org.gradle.execution.taskgraph.DefaultTaskExecutionGraph$InvokeNodeExecutorsAction.execute(DefaultTaskExecutionGraph.java:331)
	at org.gradle.execution.taskgraph.DefaultTaskExecutionGraph$InvokeNodeExecutorsAction.execute(DefaultTaskExecutionGraph.java:318)
	at org.gradle.execution.taskgraph.DefaultTaskExecutionGraph$BuildOperationAwareExecutionAction.lambda$execute$0(DefaultTaskExecutionGraph.java:314)
	at org.gradle.internal.operations.CurrentBuildOperationRef.with(CurrentBuildOperationRef.java:80)
	at org.gradle.execution.taskgraph.DefaultTaskExecutionGraph$BuildOperationAwareExecutionAction.execute(DefaultTaskExecutionGraph.java:314)
	at org.gradle.execution.taskgraph.DefaultTaskExecutionGraph$BuildOperationAwareExecutionAction.execute(DefaultTaskExecutionGraph.java:303)
	at org.gradle.execution.plan.DefaultPlanExecutor$ExecutorWorker.execute(DefaultPlanExecutor.java:463)
	at org.gradle.execution.plan.DefaultPlanExecutor$ExecutorWorker.run(DefaultPlanExecutor.java:380)
	at org.gradle.internal.concurrent.ExecutorPolicy$CatchAndRecordFailures.onExecute(ExecutorPolicy.java:64)
	at org.gradle.internal.concurrent.AbstractManagedExecutor$1.run(AbstractManagedExecutor.java:47)


BUILD FAILED in 4m 52s
438 actionable tasks: 438 executed
